// Vitest Snapshot v1, https://vitest.dev/guide/snapshot.html

exports[`Sprint 12 — Renderer ops fingerprint regression > 全 fixture fingerprint snapshot 1`] = `
{
  "01_simple/03.1120210-監造會議記錄-1120801.docx": {
    "counts": {
      "beginPage": 3,
      "drawImage": 0,
      "drawLine": 660,
      "endPage": 3,
      "fillRect": 33,
      "fillText": 1302,
      "restore": 0,
      "rotate": 0,
      "save": 0,
      "translate": 0,
    },
    "textChars": 1595,
    "textHash": "2e3d30d2",
    "total": 2001,
  },
  "01_simple/03.1120815-監造會議記錄.docx": {
    "counts": {
      "beginPage": 4,
      "drawImage": 0,
      "drawLine": 640,
      "endPage": 4,
      "fillRect": 28,
      "fillText": 1517,
      "restore": 0,
      "rotate": 0,
      "save": 0,
      "translate": 0,
    },
    "textChars": 1802,
    "textHash": "2901cdb9",
    "total": 2193,
  },
  "01_simple/03.1120822-監造會議記錄.docx": {
    "counts": {
      "beginPage": 4,
      "drawImage": 0,
      "drawLine": 580,
      "endPage": 4,
      "fillRect": 26,
      "fillText": 1355,
      "restore": 0,
      "rotate": 0,
      "save": 0,
      "translate": 0,
    },
    "textChars": 1574,
    "textHash": "2c27b75e",
    "total": 1969,
  },
  "01_simple/03.1120829-監造會議記錄.docx": {
    "counts": {
      "beginPage": 4,
      "drawImage": 0,
      "drawLine": 600,
      "endPage": 4,
      "fillRect": 27,
      "fillText": 1390,
      "restore": 0,
      "rotate": 0,
      "save": 0,
      "translate": 0,
    },
    "textChars": 1637,
    "textHash": "7768607e",
    "total": 2025,
  },
  "01_simple/03.1120905-監造會議記錄.docx": {
    "counts": {
      "beginPage": 4,
      "drawImage": 0,
      "drawLine": 576,
      "endPage": 4,
      "fillRect": 26,
      "fillText": 1305,
      "restore": 0,
      "rotate": 0,
      "save": 0,
      "translate": 0,
    },
    "textChars": 1520,
    "textHash": "96109d48",
    "total": 1915,
  },
  "01_simple/03.1120912-監造會議記錄.docx": {
    "counts": {
      "beginPage": 4,
      "drawImage": 0,
      "drawLine": 616,
      "endPage": 4,
      "fillRect": 26,
      "fillText": 1369,
      "restore": 0,
      "rotate": 0,
      "save": 0,
      "translate": 0,
    },
    "textChars": 1610,
    "textHash": "b236f05f",
    "total": 2019,
  },
  "01_simple/03.1120919-監造會議記錄.docx": {
    "counts": {
      "beginPage": 4,
      "drawImage": 0,
      "drawLine": 648,
      "endPage": 4,
      "fillRect": 27,
      "fillText": 1432,
      "restore": 0,
      "rotate": 0,
      "save": 0,
      "translate": 0,
    },
    "textChars": 1716,
    "textHash": "74e441e0",
    "total": 2115,
  },
  "02_std_table/1120928-磺港溪再造C段護岸及步道整建工程(延壽橋至三合橋)週報.docx": {
    "counts": {
      "beginPage": 2,
      "drawImage": 4,
      "drawLine": 160,
      "endPage": 2,
      "fillRect": 16,
      "fillText": 327,
      "restore": 0,
      "rotate": 0,
      "save": 0,
      "translate": 0,
    },
    "textChars": 369,
    "textHash": "2bbba94b",
    "total": 511,
  },
  "02_std_table/1121006-磺港溪再造C段護岸及步道整建工程(延壽橋至三合橋)週報.docx": {
    "counts": {
      "beginPage": 2,
      "drawImage": 4,
      "drawLine": 176,
      "endPage": 2,
      "fillRect": 20,
      "fillText": 353,
      "restore": 0,
      "rotate": 0,
      "save": 0,
      "translate": 0,
    },
    "textChars": 395,
    "textHash": "63accb00",
    "total": 557,
  },
  "02_std_table/1121013-磺港溪再造C段護岸及步道整建工程(延壽橋至三合橋)週報.docx": {
    "counts": {
      "beginPage": 2,
      "drawImage": 4,
      "drawLine": 176,
      "endPage": 2,
      "fillRect": 20,
      "fillText": 346,
      "restore": 0,
      "rotate": 0,
      "save": 0,
      "translate": 0,
    },
    "textChars": 387,
    "textHash": "9437e18e",
    "total": 550,
  },
  "02_std_table/1121020-磺港溪再造C段護岸及步道整建工程(延壽橋至三合橋)週報.docx": {
    "counts": {
      "beginPage": 2,
      "drawImage": 4,
      "drawLine": 176,
      "endPage": 2,
      "fillRect": 20,
      "fillText": 339,
      "restore": 0,
      "rotate": 0,
      "save": 0,
      "translate": 0,
    },
    "textChars": 373,
    "textHash": "dd591aa8",
    "total": 543,
  },
  "02_std_table/1121027-磺港溪再造C段護岸及步道整建工程(延壽橋至三合橋)週報.docx": {
    "counts": {
      "beginPage": 2,
      "drawImage": 4,
      "drawLine": 176,
      "endPage": 2,
      "fillRect": 20,
      "fillText": 322,
      "restore": 0,
      "rotate": 0,
      "save": 0,
      "translate": 0,
    },
    "textChars": 358,
    "textHash": "3df35096",
    "total": 526,
  },
  "02_std_table/1131202-工地密度簽到表.docx": {
    "counts": {
      "beginPage": 1,
      "drawImage": 0,
      "drawLine": 0,
      "endPage": 1,
      "fillRect": 1,
      "fillText": 90,
      "restore": 0,
      "rotate": 0,
      "save": 0,
      "translate": 0,
    },
    "textChars": 90,
    "textHash": "30b1f481",
    "total": 93,
  },
  "02_std_table/1140206-工地密度取樣紀錄.docx": {
    "counts": {
      "beginPage": 2,
      "drawImage": 0,
      "drawLine": 0,
      "endPage": 2,
      "fillRect": 2,
      "fillText": 255,
      "restore": 0,
      "rotate": 0,
      "save": 0,
      "translate": 0,
    },
    "textChars": 281,
    "textHash": "03f00b22",
    "total": 261,
  },
  "02_std_table/1140206-工地密度簽到表.docx": {
    "counts": {
      "beginPage": 1,
      "drawImage": 0,
      "drawLine": 0,
      "endPage": 1,
      "fillRect": 1,
      "fillText": 89,
      "restore": 0,
      "rotate": 0,
      "save": 0,
      "translate": 0,
    },
    "textChars": 89,
    "textHash": "189aa6d3",
    "total": 92,
  },
  "03_complex_table/06-8估驗計價前履約文件查對項目一覽表（112年12月27日修訂） (1).docx": {
    "counts": {
      "beginPage": 2,
      "drawImage": 0,
      "drawLine": 192,
      "endPage": 2,
      "fillRect": 50,
      "fillText": 785,
      "restore": 0,
      "rotate": 0,
      "save": 0,
      "translate": 0,
    },
    "textChars": 811,
    "textHash": "ec2b66a6",
    "total": 1031,
  },
  "03_complex_table/06-8估驗計價前履約文件查對項目一覽表（112年12月27日修訂）11409.docx": {
    "counts": {
      "beginPage": 2,
      "drawImage": 0,
      "drawLine": 192,
      "endPage": 2,
      "fillRect": 2,
      "fillText": 811,
      "restore": 0,
      "rotate": 0,
      "save": 0,
      "translate": 0,
    },
    "textChars": 852,
    "textHash": "431794d7",
    "total": 1009,
  },
  "03_complex_table/1121229-全套管基樁混凝土查驗(共1).docx": {
    "counts": {
      "beginPage": 1,
      "drawImage": 2,
      "drawLine": 19,
      "endPage": 1,
      "fillRect": 1,
      "fillText": 102,
      "restore": 0,
      "rotate": 0,
      "save": 0,
      "translate": 0,
    },
    "textChars": 106,
    "textHash": "82973f39",
    "total": 126,
  },
  "03_complex_table/1130105-全套管基樁混凝土查驗(共2).docx": {
    "counts": {
      "beginPage": 1,
      "drawImage": 2,
      "drawLine": 19,
      "endPage": 1,
      "fillRect": 1,
      "fillText": 106,
      "restore": 0,
      "rotate": 0,
      "save": 0,
      "translate": 0,
    },
    "textChars": 113,
    "textHash": "96d9e483",
    "total": 130,
  },
  "03_complex_table/1130109-全套管基樁混凝土查驗共(4).docx": {
    "counts": {
      "beginPage": 1,
      "drawImage": 2,
      "drawLine": 19,
      "endPage": 1,
      "fillRect": 1,
      "fillText": 108,
      "restore": 0,
      "rotate": 0,
      "save": 0,
      "translate": 0,
    },
    "textChars": 113,
    "textHash": "408c9d1d",
    "total": 132,
  },
  "03_complex_table/1130112-全套管基樁混凝土查驗共(共3)(承辦).docx": {
    "counts": {
      "beginPage": 1,
      "drawImage": 2,
      "drawLine": 19,
      "endPage": 1,
      "fillRect": 1,
      "fillText": 122,
      "restore": 0,
      "rotate": 0,
      "save": 0,
      "translate": 0,
    },
    "textChars": 129,
    "textHash": "f1c305d1",
    "total": 146,
  },
  "03_complex_table/1130516-共月橋P3帽梁鋼筋查驗.docx": {
    "counts": {
      "beginPage": 1,
      "drawImage": 2,
      "drawLine": 19,
      "endPage": 1,
      "fillRect": 1,
      "fillText": 118,
      "restore": 0,
      "rotate": 0,
      "save": 0,
      "translate": 0,
    },
    "textChars": 121,
    "textHash": "6273877f",
    "total": 142,
  },
  "03_complex_table/送審管制.docx": {
    "counts": {
      "beginPage": 2,
      "drawImage": 0,
      "drawLine": 29,
      "endPage": 2,
      "fillRect": 2,
      "fillText": 423,
      "restore": 0,
      "rotate": 0,
      "save": 0,
      "translate": 0,
    },
    "textChars": 969,
    "textHash": "7af71e49",
    "total": 458,
  },
  "04_with_image/05.112磺港溪監造會議照片.docx": {
    "counts": {
      "beginPage": 2,
      "drawImage": 4,
      "drawLine": 88,
      "endPage": 2,
      "fillRect": 2,
      "fillText": 187,
      "restore": 0,
      "rotate": 0,
      "save": 0,
      "translate": 0,
    },
    "textChars": 225,
    "textHash": "cb7d8e39",
    "total": 285,
  },
  "04_with_image/05.112磺港溪監造會議照片1120923-1121001.docx": {
    "counts": {
      "beginPage": 2,
      "drawImage": 4,
      "drawLine": 88,
      "endPage": 2,
      "fillRect": 2,
      "fillText": 179,
      "restore": 0,
      "rotate": 0,
      "save": 0,
      "translate": 0,
    },
    "textChars": 220,
    "textHash": "3b432493",
    "total": 277,
  },
  "04_with_image/06.環清表安全衛生抽查照片(再造)-(112.10.23.-10.27).docx": {
    "counts": {
      "beginPage": 6,
      "drawImage": 6,
      "drawLine": 120,
      "endPage": 6,
      "fillRect": 6,
      "fillText": 202,
      "restore": 0,
      "rotate": 0,
      "save": 0,
      "translate": 0,
    },
    "textChars": 259,
    "textHash": "bd02672d",
    "total": 346,
  },
  "04_with_image/06.環清表安全衛生抽查照片(再造)-(112.10.9.-10.13).docx": {
    "counts": {
      "beginPage": 6,
      "drawImage": 6,
      "drawLine": 120,
      "endPage": 6,
      "fillRect": 6,
      "fillText": 205,
      "restore": 0,
      "rotate": 0,
      "save": 0,
      "translate": 0,
    },
    "textChars": 259,
    "textHash": "059ca502",
    "total": 349,
  },
  "04_with_image/6.環清表安全衛生抽查照片(再造)-(112.10.2.-10.6).docx": {
    "counts": {
      "beginPage": 6,
      "drawImage": 6,
      "drawLine": 120,
      "endPage": 6,
      "fillRect": 6,
      "fillText": 191,
      "restore": 0,
      "rotate": 0,
      "save": 0,
      "translate": 0,
    },
    "textChars": 256,
    "textHash": "9a89ed1e",
    "total": 335,
  },
  "04_with_image/6.環清表安全衛生抽查照片(再造)-(112.9.25.-9.29).docx": {
    "counts": {
      "beginPage": 6,
      "drawImage": 6,
      "drawLine": 120,
      "endPage": 6,
      "fillRect": 6,
      "fillText": 212,
      "restore": 0,
      "rotate": 0,
      "save": 0,
      "translate": 0,
    },
    "textChars": 256,
    "textHash": "4e2b7dba",
    "total": 356,
  },
  "05_header_footer/自主檢查表---人手孔調升降.docx": {
    "counts": {
      "beginPage": 5,
      "drawImage": 0,
      "drawLine": 344,
      "endPage": 5,
      "fillRect": 5,
      "fillText": 1079,
      "restore": 0,
      "rotate": 0,
      "save": 0,
      "translate": 0,
    },
    "textChars": 3636,
    "textHash": "bb1dab6c",
    "total": 1438,
  },
  "05_header_footer/自主檢查表---土方(整地).docx": {
    "counts": {
      "beginPage": 4,
      "drawImage": 0,
      "drawLine": 284,
      "endPage": 4,
      "fillRect": 4,
      "fillText": 949,
      "restore": 0,
      "rotate": 0,
      "save": 0,
      "translate": 0,
    },
    "textChars": 3048,
    "textHash": "c6c77ec7",
    "total": 1245,
  },
  "05_header_footer/自主檢查表---地坪鋪面.docx": {
    "counts": {
      "beginPage": 5,
      "drawImage": 0,
      "drawLine": 344,
      "endPage": 5,
      "fillRect": 5,
      "fillText": 1006,
      "restore": 0,
      "rotate": 0,
      "save": 0,
      "translate": 0,
    },
    "textChars": 3565,
    "textHash": "3ca5e57e",
    "total": 1365,
  },
  "05_header_footer/自主檢查表---木構造.docx": {
    "counts": {
      "beginPage": 5,
      "drawImage": 0,
      "drawLine": 384,
      "endPage": 5,
      "fillRect": 5,
      "fillText": 1054,
      "restore": 0,
      "rotate": 0,
      "save": 0,
      "translate": 0,
    },
    "textChars": 3971,
    "textHash": "b51fa034",
    "total": 1453,
  },
  "05_header_footer/自主檢查表---植栽.docx": {
    "counts": {
      "beginPage": 4,
      "drawImage": 0,
      "drawLine": 224,
      "endPage": 4,
      "fillRect": 4,
      "fillText": 759,
      "restore": 0,
      "rotate": 0,
      "save": 0,
      "translate": 0,
    },
    "textChars": 2398,
    "textHash": "d7b09e24",
    "total": 995,
  },
  "05_header_footer/自主檢查表---植筋.docx": {
    "counts": {
      "beginPage": 5,
      "drawImage": 0,
      "drawLine": 332,
      "endPage": 5,
      "fillRect": 5,
      "fillText": 1020,
      "restore": 0,
      "rotate": 0,
      "save": 0,
      "translate": 0,
    },
    "textChars": 3407,
    "textHash": "7014359c",
    "total": 1367,
  },
  "05_header_footer/自主檢查表---模板.docx": {
    "counts": {
      "beginPage": 4,
      "drawImage": 0,
      "drawLine": 264,
      "endPage": 4,
      "fillRect": 4,
      "fillText": 840,
      "restore": 0,
      "rotate": 0,
      "save": 0,
      "translate": 0,
    },
    "textChars": 2791,
    "textHash": "7739e2cf",
    "total": 1116,
  },
  "05_header_footer/自主檢查表---油漆.docx": {
    "counts": {
      "beginPage": 4,
      "drawImage": 0,
      "drawLine": 244,
      "endPage": 4,
      "fillRect": 4,
      "fillText": 813,
      "restore": 0,
      "rotate": 0,
      "save": 0,
      "translate": 0,
    },
    "textChars": 2612,
    "textHash": "720ca217",
    "total": 1069,
  },
  "05_header_footer/自主檢查表---洗(抿)石子.docx": {
    "counts": {
      "beginPage": 4,
      "drawImage": 0,
      "drawLine": 284,
      "endPage": 4,
      "fillRect": 4,
      "fillText": 904,
      "restore": 0,
      "rotate": 0,
      "save": 0,
      "translate": 0,
    },
    "textChars": 2979,
    "textHash": "9631bb62",
    "total": 1200,
  },
  "05_header_footer/自主檢查表---混凝土.docx": {
    "counts": {
      "beginPage": 5,
      "drawImage": 0,
      "drawLine": 344,
      "endPage": 5,
      "fillRect": 5,
      "fillText": 1046,
      "restore": 0,
      "rotate": 0,
      "save": 0,
      "translate": 0,
    },
    "textChars": 3581,
    "textHash": "3ba40f3e",
    "total": 1405,
  },
  "06_template/檢(試)驗管制(預設樣板).docx": {
    "counts": {
      "beginPage": 2,
      "drawImage": 0,
      "drawLine": 19,
      "endPage": 2,
      "fillRect": 2,
      "fillText": 425,
      "restore": 0,
      "rotate": 0,
      "save": 0,
      "translate": 0,
    },
    "textChars": 895,
    "textHash": "4e73712c",
    "total": 450,
  },
  "06_template/缺失改善(預設樣板).docx": {
    "counts": {
      "beginPage": 2,
      "drawImage": 0,
      "drawLine": 112,
      "endPage": 2,
      "fillRect": 2,
      "fillText": 112,
      "restore": 0,
      "rotate": 0,
      "save": 0,
      "translate": 0,
    },
    "textChars": 374,
    "textHash": "31a86374",
    "total": 230,
  },
  "06_template/缺失改善.docx": {
    "counts": {
      "beginPage": 3,
      "drawImage": 0,
      "drawLine": 112,
      "endPage": 3,
      "fillRect": 3,
      "fillText": 490,
      "restore": 0,
      "rotate": 0,
      "save": 0,
      "translate": 0,
    },
    "textChars": 1249,
    "textHash": "3d549fe5",
    "total": 611,
  },
}
`;
